多账号执行间隔：10.0
[2026-10-02 14:13:37]
[1/10]账号：0@***yz
使用加密保存的app_token
已设置为随机步数范围(26666~29999) 随机值:27543
修改步数 (27543) ✅

[2026-10-02 14:13:53]
[2/10]账号：1@***ba
使用加密保存的app_token
已设置为随机步数范围(26666~29999) 随机值:27053
修改步数 (27053) ✅

[2026-10-02 14:14:06]
[3/10]账号：1@***yz
使用加密保存的app_token
已设置为随机步数范围(26666~29999) 随机值:27173
修改步数 (27173) ✅

[2026-10-02 14:14:19]
[4/10]账号：2@***yz
使用加密保存的app_token
已设置为随机步数范围(26666~29999) 随机值:28657
修改步数 (28657) ✅

[2026-10-02 14:14:33]
[5/10]账号：6@***ba
使用加密保存的app_token
已设置为随机步数范围(26666~29999) 随机值:27635
修改步数 (27635) ✅

[2026-10-02 14:14:45]
[6/10]账号：8@***ba
使用加密保存的app_token
已设置为随机步数范围(26666~29999) 随机值:28343
修改步数 (28343) ✅

[2026-10-02 14:14:59]
[7/10]账号：9@***ba
使用加密保存的app_token
已设置为随机步数范围(26666~29999) 随机值:28177
修改步数 (28177) ✅

[2026-10-02 14:15:13]
[8/10]账号：4@m****x.me
使用加密保存的app_token
已设置为随机步数范围(26666~29999) 随机值:28589
修改步数 (28589) ✅

[2026-10-02 14:15:25]
[9/10]账号：3@m****x.me
使用加密保存的app_token
已设置为随机步数范围(26666~29999) 随机值:27086
修改步数 (27086) ✅

[2026-10-02 14:15:39]
[10/10]账号：176****0002
使用加密保存的app_token
已设置为随机步数范围(26666~29999) 随机值:26785
修改步数 (26785) ✅


执行账号总数10，成功：10
企业微信推送完毕：0-ok
